Release 14.7 - xst P.20160913 (lin64)
Copyright (c) 1995-2013 Xilinx, Inc.  All rights reserved.
--> 
Parameter TMPDIR set to xst/projnav.tmp


Total REAL time to Xst completion: 0.00 secs
Total CPU time to Xst completion: 0.01 secs
 
--> 
Parameter xsthdpdir set to xst


Total REAL time to Xst completion: 0.00 secs
Total CPU time to Xst completion: 0.01 secs
 
--> 
Reading design: BCD_Counter.prj

TABLE OF CONTENTS
  1) Synthesis Options Summary
  2) HDL Parsing
  3) HDL Elaboration
  4) HDL Synthesis
       4.1) HDL Synthesis Report
  5) Advanced HDL Synthesis
       5.1) Advanced HDL Synthesis Report
  6) Low Level Synthesis
  7) Partition Report
  8) Design Summary
       8.1) Primitive and Black Box Usage
       8.2) Device utilization summary
       8.3) Partition Resource Summary
       8.4) Timing Report
            8.4.1) Clock Information
            8.4.2) Asynchronous Control Signals Information
            8.4.3) Timing Summary
            8.4.4) Timing Details
            8.4.5) Cross Clock Domains Report


=========================================================================
*                      Synthesis Options Summary                        *
=========================================================================
---- Source Parameters
Input File Name                    : "BCD_Counter.prj"
Ignore Synthesis Constraint File   : NO

---- Target Parameters
Output File Name                   : "BCD_Counter"
Output Format                      : NGC
Target Device                      : xc6slx16-3-csg324

---- Source Options
Top Module Name                    : BCD_Counter
Automatic FSM Extraction           : YES
FSM Encoding Algorithm             : Auto
Safe Implementation                : No
FSM Style                          : LUT
RAM Extraction                     : Yes
RAM Style                          : Auto
ROM Extraction                     : Yes
Shift Register Extraction          : YES
ROM Style                          : Auto
Resource Sharing                   : YES
Asynchronous To Synchronous        : NO
Shift Register Minimum Size        : 2
Use DSP Block                      : Auto
Automatic Register Balancing       : No

---- Target Options
LUT Combining                      : Auto
Reduce Control Sets                : Auto
Add IO Buffers                     : YES
Global Maximum Fanout              : 100000
Add Generic Clock Buffer(BUFG)     : 16
Register Duplication               : YES
Optimize Instantiated Primitives   : NO
Use Clock Enable                   : Auto
Use Synchronous Set                : Auto
Use Synchronous Reset              : Auto
Pack IO Registers into IOBs        : Auto
Equivalent register Removal        : YES

---- General Options
Optimization Goal                  : Speed
Optimization Effort                : 1
Power Reduction                    : NO
Keep Hierarchy                     : No
Netlist Hierarchy                  : As_Optimized
RTL Output                         : Yes
Global Optimization                : AllClockNets
Read Cores                         : YES
Write Timing Constraints           : NO
Cross Clock Analysis               : NO
Hierarchy Separator                : /
Bus Delimiter                      : <>
Case Specifier                     : Maintain
Slice Utilization Ratio            : 100
BRAM Utilization Ratio             : 100
DSP48 Utilization Ratio            : 100
Auto BRAM Packing                  : NO
Slice Utilization Ratio Delta      : 5

=========================================================================


=========================================================================
*                          HDL Parsing                                  *
=========================================================================
Analyzing Verilog file "/home/ise/Xilinx_Shared/Lab0/BCD_Counter.v" into library work
Parsing module <BCD_Counter>.

=========================================================================
*                            HDL Elaboration                            *
=========================================================================

Elaborating module <BCD_Counter>.
WARNING:HDLCompiler:413 - "/home/ise/Xilinx_Shared/Lab0/BCD_Counter.v" Line 58: Result of 4-bit expression is truncated to fit in 1-bit target.
WARNING:HDLCompiler:413 - "/home/ise/Xilinx_Shared/Lab0/BCD_Counter.v" Line 87: Result of 5-bit expression is truncated to fit in 4-bit target.
WARNING:HDLCompiler:413 - "/home/ise/Xilinx_Shared/Lab0/BCD_Counter.v" Line 95: Result of 32-bit expression is truncated to fit in 4-bit target.

=========================================================================
*                           HDL Synthesis                               *
=========================================================================

Synthesizing Unit <BCD_Counter>.
    Related source file is "/home/ise/Xilinx_Shared/Lab0/BCD_Counter.v".
    Found 1-bit register for signal <reset>.
    Found 4-bit register for signal <Q>.
    Found 4-bit adder for signal <Q[3]_GND_1_o_add_12_OUT> created at line 87.
    Found 4-bit subtractor for signal <GND_1_o_GND_1_o_sub_16_OUT<3:0>> created at line 95.
    Summary:
	inferred   1 Adder/Subtractor(s).
	inferred   5 D-type flip-flop(s).
	inferred   1 Multiplexer(s).
Unit <BCD_Counter> synthesized.

=========================================================================
HDL Synthesis Report

Macro Statistics
# Adders/Subtractors                                   : 1
 4-bit addsub                                          : 1
# Registers                                            : 2
 1-bit register                                        : 1
 4-bit register                                        : 1
# Multiplexers                                         : 1
 4-bit 2-to-1 multiplexer                              : 1
# Xors                                                 : 2
 4-bit xor2                                            : 2

=========================================================================

=========================================================================
*                       Advanced HDL Synthesis                          *
=========================================================================


Synthesizing (advanced) Unit <BCD_Counter>.
The following registers are absorbed into counter <Q>: 1 register on signal <Q>.
Unit <BCD_Counter> synthesized (advanced).

=========================================================================
Advanced HDL Synthesis Report

Macro Statistics
# Counters                                             : 1
 4-bit updown counter                                  : 1
# Registers                                            : 1
 Flip-Flops                                            : 1
# Xors                                                 : 2
 4-bit xor2                                            : 2

=========================================================================

=========================================================================
*                         Low Level Synthesis                           *
=========================================================================

Optimizing unit <BCD_Counter> ...

Mapping all equations...
Building and optimizing final netlist ...
Found area constraint ratio of 100 (+ 5) on block BCD_Counter, actual ratio is 0.
WARNING:Xst:1426 - The value init of the FF/Latch reset hinder the constant cleaning in the block BCD_Counter.
   You should achieve better results by setting this init to 0.

Final Macro Processing ...

=========================================================================
Final Register Report

Macro Statistics
# Registers                                            : 5
 Flip-Flops                                            : 5

=========================================================================

=========================================================================
*                           Partition Report                            *
=========================================================================

Partition Implementation Status
-------------------------------

  No Partitions were found in this design.

-------------------------------

=========================================================================
*                            Design Summary                             *
=========================================================================

Top Level Output File Name         : BCD_Counter.ngc

Primitive and Black Box Usage:
------------------------------
# BELS                             : 20
#      GND                         : 1
#      LUT2                        : 2
#      LUT3                        : 1
#      LUT4                        : 3
#      LUT5                        : 3
#      LUT6                        : 7
#      MUXF7                       : 3
# FlipFlops/Latches                : 5
#      FD                          : 3
#      FDR                         : 2
# Clock Buffers                    : 1
#      BUFGP                       : 1
# IO Buffers                       : 13
#      IBUF                        : 8
#      OBUF                        : 5

Device utilization summary:
---------------------------

Selected Device : 6slx16csg324-3 


Slice Logic Utilization: 
 Number of Slice Registers:               5  out of  18224     0%  
 Number of Slice LUTs:                   16  out of   9112     0%  
    Number used as Logic:                16  out of   9112     0%  

Slice Logic Distribution: 
 Number of LUT Flip Flop pairs used:     17
   Number with an unused Flip Flop:      12  out of     17    70%  
   Number with an unused LUT:             1  out of     17     5%  
   Number of fully used LUT-FF pairs:     4  out of     17    23%  
   Number of unique control sets:         2

IO Utilization: 
 Number of IOs:                          14
 Number of bonded IOBs:                  14  out of    232     6%  

Specific Feature Utilization:
 Number of BUFG/BUFGCTRLs:                1  out of     16     6%  

---------------------------
Partition Resource Summary:
---------------------------

  No Partitions were found in this design.

---------------------------


=========================================================================
Timing Report

NOTE: THESE TIMING NUMBERS ARE ONLY A SYNTHESIS ESTIMATE.
      FOR ACCURATE TIMING INFORMATION PLEASE REFER TO THE TRACE REPORT
      GENERATED AFTER PLACE-and-ROUTE.

Clock Information:
------------------
-----------------------------------+------------------------+-------+
Clock Signal                       | Clock buffer(FF name)  | Load  |
-----------------------------------+------------------------+-------+
CLK                                | BUFGP                  | 5     |
-----------------------------------+------------------------+-------+

Asynchronous Control Signals Information:
----------------------------------------
No asynchronous control signals found in this design

Timing Summary:
---------------
Speed Grade: -3

   Minimum period: 3.771ns (Maximum Frequency: 265.150MHz)
   Minimum input arrival time before clock: 5.037ns
   Maximum output required time after clock: 4.974ns
   Maximum combinational path delay: 5.872ns

Timing Details:
---------------
All values displayed in nanoseconds (ns)

=========================================================================
Timing constraint: Default period analysis for Clock 'CLK'
  Clock period: 3.771ns (frequency: 265.150MHz)
  Total number of paths / destination ports: 53 / 6
-------------------------------------------------------------------------
Delay:               3.771ns (Levels of Logic = 4)
  Source:            Q_0 (FF)
  Destination:       Q_1 (FF)
  Source Clock:      CLK rising
  Destination Clock: CLK rising

  Data Path: Q_0 to Q_1
                                Gate     Net
    Cell:in->out      fanout   Delay   Delay  Logical Name (Net Name)
    ----------------------------------------  ------------
     FDR:C->Q             10   0.447   1.201  Q_0 (Q_0)
     LUT5:I0->O            1   0.203   0.000  _n0074_G (N7)
     MUXF7:I1->O           3   0.140   0.651  _n0074 (_n0074)
     LUT6:I5->O            2   0.205   0.617  Mcount_Q_val1 (Mcount_Q_val)
     LUT4:I3->O            1   0.205   0.000  Q_1_rstpot (Q_1_rstpot)
     FD:D                      0.102          Q_1
    ----------------------------------------
    Total                      3.771ns (1.302ns logic, 2.469ns route)
                                       (34.5% logic, 65.5% route)

=========================================================================
Timing constraint: Default OFFSET IN BEFORE for Clock 'CLK'
  Total number of paths / destination ports: 50 / 6
-------------------------------------------------------------------------
Offset:              5.037ns (Levels of Logic = 6)
  Source:            LOAD (PAD)
  Destination:       Q_1 (FF)
  Destination Clock: CLK rising

  Data Path: LOAD to Q_1
                                Gate     Net
    Cell:in->out      fanout   Delay   Delay  Logical Name (Net Name)
    ----------------------------------------  ------------
     IBUF:I->O             8   1.222   0.907  LOAD_IBUF (LOAD_IBUF)
     LUT2:I0->O            1   0.203   0.580  _n0074_SW0 (N2)
     LUT5:I4->O            1   0.205   0.000  _n0074_G (N7)
     MUXF7:I1->O           3   0.140   0.651  _n0074 (_n0074)
     LUT6:I5->O            2   0.205   0.617  Mcount_Q_val1 (Mcount_Q_val)
     LUT4:I3->O            1   0.205   0.000  Q_1_rstpot (Q_1_rstpot)
     FD:D                      0.102          Q_1
    ----------------------------------------
    Total                      5.037ns (2.282ns logic, 2.755ns route)
                                       (45.3% logic, 54.7% route)

=========================================================================
Timing constraint: Default OFFSET OUT AFTER for Clock 'CLK'
  Total number of paths / destination ports: 8 / 5
-------------------------------------------------------------------------
Offset:              4.974ns (Levels of Logic = 2)
  Source:            Q_2 (FF)
  Destination:       CO (PAD)
  Source Clock:      CLK rising

  Data Path: Q_2 to CO
                                Gate     Net
    Cell:in->out      fanout   Delay   Delay  Logical Name (Net Name)
    ----------------------------------------  ------------
     FD:C->Q               9   0.447   1.174  Q_2 (Q_2)
     LUT6:I1->O            1   0.203   0.579  n0049<0>1 (CO_OBUF)
     OBUF:I->O                 2.571          CO_OBUF (CO)
    ----------------------------------------
    Total                      4.974ns (3.221ns logic, 1.753ns route)
                                       (64.8% logic, 35.2% route)

=========================================================================
Timing constraint: Default path analysis
  Total number of paths / destination ports: 2 / 1
-------------------------------------------------------------------------
Delay:               5.872ns (Levels of Logic = 3)
  Source:            ENABLE (PAD)
  Destination:       CO (PAD)

  Data Path: ENABLE to CO
                                Gate     Net
    Cell:in->out      fanout   Delay   Delay  Logical Name (Net Name)
    ----------------------------------------  ------------
     IBUF:I->O            13   1.222   1.297  ENABLE_IBUF (ENABLE_IBUF)
     LUT6:I0->O            1   0.203   0.579  n0049<0>1 (CO_OBUF)
     OBUF:I->O                 2.571          CO_OBUF (CO)
    ----------------------------------------
    Total                      5.872ns (3.996ns logic, 1.876ns route)
                                       (68.0% logic, 32.0% route)

=========================================================================

Cross Clock Domains Report:
--------------------------

Clock to Setup on destination clock CLK
---------------+---------+---------+---------+---------+
               | Src:Rise| Src:Fall| Src:Rise| Src:Fall|
Source Clock   |Dest:Rise|Dest:Rise|Dest:Fall|Dest:Fall|
---------------+---------+---------+---------+---------+
CLK            |    3.771|         |         |         |
---------------+---------+---------+---------+---------+

=========================================================================


Total REAL time to Xst completion: 3.00 secs
Total CPU time to Xst completion: 2.70 secs
 
--> 


Total memory usage is 480868 kilobytes

Number of errors   :    0 (   0 filtered)
Number of warnings :    4 (   0 filtered)
Number of infos    :    0 (   0 filtered)

